../Core/Inc/stm32-toolbox/comms/ethernet/WString.h:115:11:String& String::operator+=(char)	16	static
../Core/Inc/stm32-toolbox/utility/Timer.h:163:18:static uint32_t Timer::now()	16	static
../Core/Inc/stm32-toolbox/comms/ethernet/Stream.cpp:32:5:int Stream::timedRead()	24	static
../Core/Inc/stm32-toolbox/comms/ethernet/Stream.cpp:44:5:int Stream::timedPeek()	24	static
../Core/Inc/stm32-toolbox/comms/ethernet/Stream.cpp:57:5:int Stream::peekNextDigit(LookaheadMode, bool)	24	static
../Core/Inc/stm32-toolbox/comms/ethernet/Stream.cpp:88:6:void Stream::setTimeout(long unsigned int)	16	static
../Core/Inc/stm32-toolbox/comms/ethernet/Stream.cpp:94:7:bool Stream::find(char*)	24	static
../Core/Inc/stm32-toolbox/comms/ethernet/Stream.cpp:101:6:bool Stream::find(char*, size_t)	32	static
../Core/Inc/stm32-toolbox/comms/ethernet/Stream.cpp:107:7:bool Stream::findUntil(char*, char*)	40	static
../Core/Inc/stm32-toolbox/comms/ethernet/Stream.cpp:115:6:bool Stream::findUntil(char*, size_t, char*, size_t)	64	static
../Core/Inc/stm32-toolbox/comms/ethernet/Stream.cpp:131:6:long int Stream::parseInt(LookaheadMode, char)	32	static
../Core/Inc/stm32-toolbox/comms/ethernet/Stream.cpp:160:7:float Stream::parseFloat(LookaheadMode, char)	32	static
../Core/Inc/stm32-toolbox/comms/ethernet/Stream.cpp:203:8:size_t Stream::readBytes(char*, size_t)	32	static
../Core/Inc/stm32-toolbox/comms/ethernet/Stream.cpp:220:8:size_t Stream::readBytesUntil(char, char*, size_t)	32	static
../Core/Inc/stm32-toolbox/comms/ethernet/Stream.cpp:232:8:String Stream::readString()	24	static
../Core/Inc/stm32-toolbox/comms/ethernet/Stream.cpp:244:8:String Stream::readStringUntil(char)	32	static
../Core/Inc/stm32-toolbox/comms/ethernet/Stream.cpp:256:5:int Stream::findMulti(Stream::MultiTarget*, int)	48	static
