../Core/Src/../Inc/stm32-toolbox/devices/OledSsd1306.h:64:7:void OledSsd1306::initialize(I2C_HandleTypeDef*, uint16_t, uint8_t, uint8_t)	24	static
../Core/Src/../Inc/stm32-toolbox/devices/OledSsd1306.h:99:7:void OledSsd1306::test()	16	static
../Core/Src/../Inc/stm32-toolbox/devices/OledSsd1306.h:134:7:void OledSsd1306::command(uint8_t)	24	static
../Core/Src/../Inc/stm32-toolbox/devices/OledSsd1306.h:139:7:void OledSsd1306::command(uint8_t, uint8_t)	32	static
../Core/Src/../Inc/stm32-toolbox/devices/OledSsd1306.h:145:7:void OledSsd1306::command(uint8_t, uint8_t, uint8_t)	32	static
../Core/Src/../Inc/stm32-toolbox/devices/OledSsd1306.h:17:7:OledSsd1306::OledSsd1306()	16	static
../Core/Src/main.cpp:65:5:int main()	32	static
../Core/Src/main.cpp:113:6:void SystemClock_Config()	88	static
../Core/Src/main.cpp:160:13:void MX_I2C1_Init()	8	static
../Core/Src/main.cpp:194:13:void MX_GPIO_Init()	40	static
../Core/Src/main.cpp:222:6:void Error_Handler()	4	static,ignoring_inline_asm
